<!DOCTYPE html>
<html>
<head>
  <meta charset="utf-8">
  <title>Document</title>
</head>
<body>
<p>Paragraph one</p>
<ul>
<li>x</li>
<li>y</li>
</ul>
<p>Another <em>para</em></p>
</body>
</html>
