<!DOCTYPE html>
<html>
<head>
  <meta charset="utf-8">
  <title>My Doc</title>
</head>
<body>
<h1>My Doc</h1>
<p>Intro paragraph with <strong>bold</strong>, <em>italic</em>, and <strong><em>both</em></strong>.</p>
<ul>
<li>item A</li>
<li>item B</li>
</ul>
<p>Closing paragraph.</p>
</body>
</html>
