<!DOCTYPE html>
<html>
<head>
  <meta charset="utf-8">
  <title>Roadmap</title>
</head>
<body>
<h1>Roadmap</h1>
<p>Intro <strong>bold</strong>.</p>
<ul>
<li>A</li>
<li>B</li>
</ul>
<h2>Next</h2>
<p><em>Italics</em> here.</p>
</body>
</html>
